Component: ARM Compiler 6.10.1 Tool: armlink [5d142800]

==============================================================================

Section Cross References

    startup_mkl25z4.o(RESET) refers to startup_mkl25z4.o(STACK) for __initial_sp
    startup_mkl25z4.o(RESET) refers to startup_mkl25z4.o(.text) for Reset_Handler
    startup_mkl25z4.o(RESET) refers to serial.o(.text) for UART0_IRQHandler
    startup_mkl25z4.o(RESET) refers to ultrasonic.o(.text) for PIT_IRQHandler
    startup_mkl25z4.o(RESET) refers to interrupts.o(.text) for PORTA_IRQHandler
    startup_mkl25z4.o(.text) refers to system_mkl25z4.o(.text) for SystemInit
    startup_mkl25z4.o(.text) refers to entry.o(.ARM.Collect$$$$00000000) for __main
    system_mkl25z4.o(.text) refers to uidiv.o(.text) for __aeabi_uidiv
    system_mkl25z4.o(.text) refers to system_mkl25z4.o(.data.SystemCoreClock) for SystemCoreClock
    system_mkl25z4.o(.ARM.exidx) refers to system_mkl25z4.o(.text) for [Anonymous Symbol]
    main.o(.text) refers to serial.o(.text) for init_serial
    main.o(.text) refers to motor_control.o(.text) for init_motor_control
    main.o(.text) refers to infared.o(.text) for init_infared_sensors
    main.o(.text) refers to ultrasonic.o(.text) for init_ultrasonic_sensors
    main.o(.text) refers to leds.o(.text) for init_RGB_LEDs
    main.o(.text) refers to infared.o(.bss.ir_detections) for ir_detections
    main.o(.ARM.exidx) refers to main.o(.text) for [Anonymous Symbol]
    switches.o(.ARM.exidx) refers to switches.o(.text) for [Anonymous Symbol]
    leds.o(.ARM.exidx) refers to leds.o(.text) for [Anonymous Symbol]
    debug_signals.o(.ARM.exidx) refers to debug_signals.o(.text) for [Anonymous Symbol]
    infared.o(.text) refers to infared.o(.bss.ir_detections) for ir_detections
    infared.o(.ARM.exidx) refers to infared.o(.text) for [Anonymous Symbol]
    motor_control.o(.text) refers to motor_control.o(.bss.motor_state) for motor_state
    motor_control.o(.ARM.exidx) refers to motor_control.o(.text) for [Anonymous Symbol]
    serial.o(.ARM.exidx) refers to serial.o(.text) for [Anonymous Symbol]
    logger.o(.text) refers to logger.o(.bss..L_MergedGlobals) for [Anonymous Symbol]
    logger.o(.text) refers to logger.o(.bss.user_input_key) for user_input_key
    logger.o(.text) refers to logger.o(.rodata.str1.1) for .L.str.3
    logger.o(.ARM.exidx) refers to logger.o(.text) for [Anonymous Symbol]
    ultrasonic.o(.text) refers to ultrasonic.o(.bss.us_detections) for us_detections
    ultrasonic.o(.ARM.exidx) refers to ultrasonic.o(.text) for [Anonymous Symbol]
    interrupts.o(.text) refers to motor_control.o(.text) for control_motor
    interrupts.o(.text) refers to printfa.o(i.__0sprintf) for __2sprintf
    interrupts.o(.text) refers to f2d.o(.text) for __aeabi_f2d
    interrupts.o(.text) refers to serial.o(.text) for transmit_data
    interrupts.o(.text) refers to infared.o(.bss.ir_detections) for ir_detections
    interrupts.o(.text) refers to ultrasonic.o(.bss.us_detections) for us_detections
    interrupts.o(.text) refers to ffltui.o(.text) for __aeabi_ui2f
    interrupts.o(.text) refers to fdiv.o(.text) for __aeabi_fdiv
    interrupts.o(.text) refers to interrupts.o(.bss..L_MergedGlobals) for [Anonymous Symbol]
    interrupts.o(.text) refers to infared.o(.bss.ir_detected_flag) for ir_detected_flag
    interrupts.o(.ARM.exidx) refers to interrupts.o(.text) for [Anonymous Symbol]
    entry.o(.ARM.Collect$$$$00000000) refers (Special) to entry10a.o(.ARM.Collect$$$$0000000D) for __rt_final_cpp
    entry.o(.ARM.Collect$$$$00000000) refers (Special) to entry11a.o(.ARM.Collect$$$$0000000F) for __rt_final_exit
    entry.o(.ARM.Collect$$$$00000000) refers (Special) to entry7b.o(.ARM.Collect$$$$00000008) for _main_clock
    entry.o(.ARM.Collect$$$$00000000) refers (Special) to entry8b.o(.ARM.Collect$$$$0000000A) for _main_cpp_init
    entry.o(.ARM.Collect$$$$00000000) refers (Special) to entry9a.o(.ARM.Collect$$$$0000000B) for _main_init
    entry.o(.ARM.Collect$$$$00000000) refers (Special) to entry5.o(.ARM.Collect$$$$00000004) for _main_scatterload
    entry.o(.ARM.Collect$$$$00000000) refers (Special) to entry2.o(.ARM.Collect$$$$00000001) for _main_stk
    printfb.o(i.__0fprintf$bare) refers to printfb.o(i._printf_core) for _printf_core
    printfb.o(i.__0fprintf$bare) refers to fputc.o(i.fputc) for fputc
    printfb.o(i.__0printf$bare) refers to printfb.o(i._printf_core) for _printf_core
    printfb.o(i.__0printf$bare) refers to fputc.o(i.fputc) for fputc
    printfb.o(i.__0printf$bare) refers to stdout.o(.data) for __stdout
    printfb.o(i.__0snprintf$bare) refers to printfb.o(i._printf_core) for _printf_core
    printfb.o(i.__0snprintf$bare) refers to printfb.o(i._snputc) for _snputc
    printfb.o(i.__0sprintf$bare) refers to printfb.o(i._printf_core) for _printf_core
    printfb.o(i.__0sprintf$bare) refers to printfb.o(i._sputc) for _sputc
    printfb.o(i.__0vfprintf$bare) refers to printfb.o(i._printf_core) for _printf_core
    printfb.o(i.__0vfprintf$bare) refers to fputc.o(i.fputc) for fputc
    printfb.o(i.__0vprintf$bare) refers to printfb.o(i._printf_core) for _printf_core
    printfb.o(i.__0vprintf$bare) refers to fputc.o(i.fputc) for fputc
    printfb.o(i.__0vprintf$bare) refers to stdout.o(.data) for __stdout
    printfb.o(i.__0vsnprintf$bare) refers to printfb.o(i._printf_core) for _printf_core
    printfb.o(i.__0vsnprintf$bare) refers to printfb.o(i._snputc) for _snputc
    printfb.o(i.__0vsprintf$bare) refers to printfb.o(i._printf_core) for _printf_core
    printfb.o(i.__0vsprintf$bare) refers to printfb.o(i._sputc) for _sputc
    printf0.o(i.__0fprintf$0) refers to printf0.o(i._printf_core) for _printf_core
    printf0.o(i.__0fprintf$0) refers to fputc.o(i.fputc) for fputc
    printf0.o(i.__0printf$0) refers to printf0.o(i._printf_core) for _printf_core
    printf0.o(i.__0printf$0) refers to fputc.o(i.fputc) for fputc
    printf0.o(i.__0printf$0) refers to stdout.o(.data) for __stdout
    printf0.o(i.__0snprintf$0) refers to printf0.o(i._printf_core) for _printf_core
    printf0.o(i.__0snprintf$0) refers to printf0.o(i._snputc) for _snputc
    printf0.o(i.__0sprintf$0) refers to printf0.o(i._printf_core) for _printf_core
    printf0.o(i.__0sprintf$0) refers to printf0.o(i._sputc) for _sputc
    printf0.o(i.__0vfprintf$0) refers to printf0.o(i._printf_core) for _printf_core
    printf0.o(i.__0vfprintf$0) refers to fputc.o(i.fputc) for fputc
    printf0.o(i.__0vprintf$0) refers to printf0.o(i._printf_core) for _printf_core
    printf0.o(i.__0vprintf$0) refers to fputc.o(i.fputc) for fputc
    printf0.o(i.__0vprintf$0) refers to stdout.o(.data) for __stdout
    printf0.o(i.__0vsnprintf$0) refers to printf0.o(i._printf_core) for _printf_core
    printf0.o(i.__0vsnprintf$0) refers to printf0.o(i._snputc) for _snputc
    printf0.o(i.__0vsprintf$0) refers to printf0.o(i._printf_core) for _printf_core
    printf0.o(i.__0vsprintf$0) refers to printf0.o(i._sputc) for _sputc
    printf1.o(i.__0fprintf$1) refers to printf1.o(i._printf_core) for _printf_core
    printf1.o(i.__0fprintf$1) refers to fputc.o(i.fputc) for fputc
    printf1.o(i.__0printf$1) refers to printf1.o(i._printf_core) for _printf_core
    printf1.o(i.__0printf$1) refers to fputc.o(i.fputc) for fputc
    printf1.o(i.__0printf$1) refers to stdout.o(.data) for __stdout
    printf1.o(i.__0snprintf$1) refers to printf1.o(i._printf_core) for _printf_core
    printf1.o(i.__0snprintf$1) refers to printf1.o(i._snputc) for _snputc
    printf1.o(i.__0sprintf$1) refers to printf1.o(i._printf_core) for _printf_core
    printf1.o(i.__0sprintf$1) refers to printf1.o(i._sputc) for _sputc
    printf1.o(i.__0vfprintf$1) refers to printf1.o(i._printf_core) for _printf_core
    printf1.o(i.__0vfprintf$1) refers to fputc.o(i.fputc) for fputc
    printf1.o(i.__0vprintf$1) refers to printf1.o(i._printf_core) for _printf_core
    printf1.o(i.__0vprintf$1) refers to fputc.o(i.fputc) for fputc
    printf1.o(i.__0vprintf$1) refers to stdout.o(.data) for __stdout
    printf1.o(i.__0vsnprintf$1) refers to printf1.o(i._printf_core) for _printf_core
    printf1.o(i.__0vsnprintf$1) refers to printf1.o(i._snputc) for _snputc
    printf1.o(i.__0vsprintf$1) refers to printf1.o(i._printf_core) for _printf_core
    printf1.o(i.__0vsprintf$1) refers to printf1.o(i._sputc) for _sputc
    printf1.o(i._printf_core) refers to uidiv.o(.text) for __aeabi_uidivmod
    printf2.o(i.__0fprintf$2) refers to printf2.o(i._printf_core) for _printf_core
    printf2.o(i.__0fprintf$2) refers to fputc.o(i.fputc) for fputc
    printf2.o(i.__0printf$2) refers to printf2.o(i._printf_core) for _printf_core
    printf2.o(i.__0printf$2) refers to fputc.o(i.fputc) for fputc
    printf2.o(i.__0printf$2) refers to stdout.o(.data) for __stdout
    printf2.o(i.__0snprintf$2) refers to printf2.o(i._printf_core) for _printf_core
    printf2.o(i.__0snprintf$2) refers to printf2.o(i._snputc) for _snputc
    printf2.o(i.__0sprintf$2) refers to printf2.o(i._printf_core) for _printf_core
    printf2.o(i.__0sprintf$2) refers to printf2.o(i._sputc) for _sputc
    printf2.o(i.__0vfprintf$2) refers to printf2.o(i._printf_core) for _printf_core
    printf2.o(i.__0vfprintf$2) refers to fputc.o(i.fputc) for fputc
    printf2.o(i.__0vprintf$2) refers to printf2.o(i._printf_core) for _printf_core
    printf2.o(i.__0vprintf$2) refers to fputc.o(i.fputc) for fputc
    printf2.o(i.__0vprintf$2) refers to stdout.o(.data) for __stdout
    printf2.o(i.__0vsnprintf$2) refers to printf2.o(i._printf_core) for _printf_core
    printf2.o(i.__0vsnprintf$2) refers to printf2.o(i._snputc) for _snputc
    printf2.o(i.__0vsprintf$2) refers to printf2.o(i._printf_core) for _printf_core
    printf2.o(i.__0vsprintf$2) refers to printf2.o(i._sputc) for _sputc
    printf3.o(i.__0fprintf$3) refers to printf3.o(i._printf_core) for _printf_core
    printf3.o(i.__0fprintf$3) refers to fputc.o(i.fputc) for fputc
    printf3.o(i.__0printf$3) refers to printf3.o(i._printf_core) for _printf_core
    printf3.o(i.__0printf$3) refers to fputc.o(i.fputc) for fputc
    printf3.o(i.__0printf$3) refers to stdout.o(.data) for __stdout
    printf3.o(i.__0snprintf$3) refers to printf3.o(i._printf_core) for _printf_core
    printf3.o(i.__0snprintf$3) refers to printf3.o(i._snputc) for _snputc
    printf3.o(i.__0sprintf$3) refers to printf3.o(i._printf_core) for _printf_core
    printf3.o(i.__0sprintf$3) refers to printf3.o(i._sputc) for _sputc
    printf3.o(i.__0vfprintf$3) refers to printf3.o(i._printf_core) for _printf_core
    printf3.o(i.__0vfprintf$3) refers to fputc.o(i.fputc) for fputc
    printf3.o(i.__0vprintf$3) refers to printf3.o(i._printf_core) for _printf_core
    printf3.o(i.__0vprintf$3) refers to fputc.o(i.fputc) for fputc
    printf3.o(i.__0vprintf$3) refers to stdout.o(.data) for __stdout
    printf3.o(i.__0vsnprintf$3) refers to printf3.o(i._printf_core) for _printf_core
    printf3.o(i.__0vsnprintf$3) refers to printf3.o(i._snputc) for _snputc
    printf3.o(i.__0vsprintf$3) refers to printf3.o(i._printf_core) for _printf_core
    printf3.o(i.__0vsprintf$3) refers to printf3.o(i._sputc) for _sputc
    printf3.o(i._printf_core) refers to uidiv.o(.text) for __aeabi_uidivmod
    printf4.o(i.__0fprintf$4) refers to printf4.o(i._printf_core) for _printf_core
    printf4.o(i.__0fprintf$4) refers to fputc.o(i.fputc) for fputc
    printf4.o(i.__0printf$4) refers to printf4.o(i._printf_core) for _printf_core
    printf4.o(i.__0printf$4) refers to fputc.o(i.fputc) for fputc
    printf4.o(i.__0printf$4) refers to stdout.o(.data) for __stdout
    printf4.o(i.__0snprintf$4) refers to printf4.o(i._printf_core) for _printf_core
    printf4.o(i.__0snprintf$4) refers to printf4.o(i._snputc) for _snputc
    printf4.o(i.__0sprintf$4) refers to printf4.o(i._printf_core) for _printf_core
    printf4.o(i.__0sprintf$4) refers to printf4.o(i._sputc) for _sputc
    printf4.o(i.__0vfprintf$4) refers to printf4.o(i._printf_core) for _printf_core
    printf4.o(i.__0vfprintf$4) refers to fputc.o(i.fputc) for fputc
    printf4.o(i.__0vprintf$4) refers to printf4.o(i._printf_core) for _printf_core
    printf4.o(i.__0vprintf$4) refers to fputc.o(i.fputc) for fputc
    printf4.o(i.__0vprintf$4) refers to stdout.o(.data) for __stdout
    printf4.o(i.__0vsnprintf$4) refers to printf4.o(i._printf_core) for _printf_core
    printf4.o(i.__0vsnprintf$4) refers to printf4.o(i._snputc) for _snputc
    printf4.o(i.__0vsprintf$4) refers to printf4.o(i._printf_core) for _printf_core
    printf4.o(i.__0vsprintf$4) refers to printf4.o(i._sputc) for _sputc
    printf4.o(i._printf_core) refers to uldiv.o(.text) for __aeabi_uldivmod
    printf5.o(i.__0fprintf$5) refers to printf5.o(i._printf_core) for _printf_core
    printf5.o(i.__0fprintf$5) refers to fputc.o(i.fputc) for fputc
    printf5.o(i.__0printf$5) refers to printf5.o(i._printf_core) for _printf_core
    printf5.o(i.__0printf$5) refers to fputc.o(i.fputc) for fputc
    printf5.o(i.__0printf$5) refers to stdout.o(.data) for __stdout
    printf5.o(i.__0snprintf$5) refers to printf5.o(i._printf_core) for _printf_core
    printf5.o(i.__0snprintf$5) refers to printf5.o(i._snputc) for _snputc
    printf5.o(i.__0sprintf$5) refers to printf5.o(i._printf_core) for _printf_core
    printf5.o(i.__0sprintf$5) refers to printf5.o(i._sputc) for _sputc
    printf5.o(i.__0vfprintf$5) refers to printf5.o(i._printf_core) for _printf_core
    printf5.o(i.__0vfprintf$5) refers to fputc.o(i.fputc) for fputc
    printf5.o(i.__0vprintf$5) refers to printf5.o(i._printf_core) for _printf_core
    printf5.o(i.__0vprintf$5) refers to fputc.o(i.fputc) for fputc
    printf5.o(i.__0vprintf$5) refers to stdout.o(.data) for __stdout
    printf5.o(i.__0vsnprintf$5) refers to printf5.o(i._printf_core) for _printf_core
    printf5.o(i.__0vsnprintf$5) refers to printf5.o(i._snputc) for _snputc
    printf5.o(i.__0vsprintf$5) refers to printf5.o(i._printf_core) for _printf_core
    printf5.o(i.__0vsprintf$5) refers to printf5.o(i._sputc) for _sputc
    printf5.o(i._printf_core) refers to uldiv.o(.text) for __aeabi_uldivmod
    printf6.o(i.__0fprintf$6) refers to printf6.o(i._printf_core) for _printf_core
    printf6.o(i.__0fprintf$6) refers to fputc.o(i.fputc) for fputc
    printf6.o(i.__0printf$6) refers to printf6.o(i._printf_core) for _printf_core
    printf6.o(i.__0printf$6) refers to fputc.o(i.fputc) for fputc
    printf6.o(i.__0printf$6) refers to stdout.o(.data) for __stdout
    printf6.o(i.__0snprintf$6) refers to printf6.o(i._printf_core) for _printf_core
    printf6.o(i.__0snprintf$6) refers to printf6.o(i._snputc) for _snputc
    printf6.o(i.__0sprintf$6) refers to printf6.o(i._printf_core) for _printf_core
    printf6.o(i.__0sprintf$6) refers to printf6.o(i._sputc) for _sputc
    printf6.o(i.__0vfprintf$6) refers to printf6.o(i._printf_core) for _printf_core
    printf6.o(i.__0vfprintf$6) refers to fputc.o(i.fputc) for fputc
    printf6.o(i.__0vprintf$6) refers to printf6.o(i._printf_core) for _printf_core
    printf6.o(i.__0vprintf$6) refers to fputc.o(i.fputc) for fputc
    printf6.o(i.__0vprintf$6) refers to stdout.o(.data) for __stdout
    printf6.o(i.__0vsnprintf$6) refers to printf6.o(i._printf_core) for _printf_core
    printf6.o(i.__0vsnprintf$6) refers to printf6.o(i._snputc) for _snputc
    printf6.o(i.__0vsprintf$6) refers to printf6.o(i._printf_core) for _printf_core
    printf6.o(i.__0vsprintf$6) refers to printf6.o(i._sputc) for _sputc
    printf6.o(i._printf_core) refers to printf6.o(i._printf_pre_padding) for _printf_pre_padding
    printf6.o(i._printf_core) refers to printf6.o(i._printf_post_padding) for _printf_post_padding
    printf6.o(i._printf_core) refers to uidiv.o(.text) for __aeabi_uidivmod
    printf7.o(i.__0fprintf$7) refers to printf7.o(i._printf_core) for _printf_core
    printf7.o(i.__0fprintf$7) refers to fputc.o(i.fputc) for fputc
    printf7.o(i.__0printf$7) refers to printf7.o(i._printf_core) for _printf_core
    printf7.o(i.__0printf$7) refers to fputc.o(i.fputc) for fputc
    printf7.o(i.__0printf$7) refers to stdout.o(.data) for __stdout
    printf7.o(i.__0snprintf$7) refers to printf7.o(i._printf_core) for _printf_core
    printf7.o(i.__0snprintf$7) refers to printf7.o(i._snputc) for _snputc
    printf7.o(i.__0sprintf$7) refers to printf7.o(i._printf_core) for _printf_core
    printf7.o(i.__0sprintf$7) refers to printf7.o(i._sputc) for _sputc
    printf7.o(i.__0vfprintf$7) refers to printf7.o(i._printf_core) for _printf_core
    printf7.o(i.__0vfprintf$7) refers to fputc.o(i.fputc) for fputc
    printf7.o(i.__0vprintf$7) refers to printf7.o(i._printf_core) for _printf_core
    printf7.o(i.__0vprintf$7) refers to fputc.o(i.fputc) for fputc
    printf7.o(i.__0vprintf$7) refers to stdout.o(.data) for __stdout
    printf7.o(i.__0vsnprintf$7) refers to printf7.o(i._printf_core) for _printf_core
    printf7.o(i.__0vsnprintf$7) refers to printf7.o(i._snputc) for _snputc
    printf7.o(i.__0vsprintf$7) refers to printf7.o(i._printf_core) for _printf_core
    printf7.o(i.__0vsprintf$7) refers to printf7.o(i._sputc) for _sputc
    printf7.o(i._printf_core) refers to printf7.o(i._printf_pre_padding) for _printf_pre_padding
    printf7.o(i._printf_core) refers to printf7.o(i._printf_post_padding) for _printf_post_padding
    printf7.o(i._printf_core) refers to uldiv.o(.text) for __aeabi_uldivmod
    printf8.o(i.__0fprintf$8) refers to printf8.o(i._printf_core) for _printf_core
    printf8.o(i.__0fprintf$8) refers to fputc.o(i.fputc) for fputc
    printf8.o(i.__0printf$8) refers to printf8.o(i._printf_core) for _printf_core
    printf8.o(i.__0printf$8) refers to fputc.o(i.fputc) for fputc
    printf8.o(i.__0printf$8) refers to stdout.o(.data) for __stdout
    printf8.o(i.__0snprintf$8) refers to printf8.o(i._printf_core) for _printf_core
    printf8.o(i.__0snprintf$8) refers to printf8.o(i._snputc) for _snputc
    printf8.o(i.__0sprintf$8) refers to printf8.o(i._printf_core) for _printf_core
    printf8.o(i.__0sprintf$8) refers to printf8.o(i._sputc) for _sputc
    printf8.o(i.__0vfprintf$8) refers to printf8.o(i._printf_core) for _printf_core
    printf8.o(i.__0vfprintf$8) refers to fputc.o(i.fputc) for fputc
    printf8.o(i.__0vprintf$8) refers to printf8.o(i._printf_core) for _printf_core
    printf8.o(i.__0vprintf$8) refers to fputc.o(i.fputc) for fputc
    printf8.o(i.__0vprintf$8) refers to stdout.o(.data) for __stdout
    printf8.o(i.__0vsnprintf$8) refers to printf8.o(i._printf_core) for _printf_core
    printf8.o(i.__0vsnprintf$8) refers to printf8.o(i._snputc) for _snputc
    printf8.o(i.__0vsprintf$8) refers to printf8.o(i._printf_core) for _printf_core
    printf8.o(i.__0vsprintf$8) refers to printf8.o(i._sputc) for _sputc
    printf8.o(i._printf_core) refers to printf8.o(i._printf_pre_padding) for _printf_pre_padding
    printf8.o(i._printf_core) refers to printf8.o(i._printf_post_padding) for _printf_post_padding
    printf8.o(i._printf_core) refers to uldiv.o(.text) for __aeabi_uldivmod
    printfa.o(i.__0fprintf) refers (Special) to iusefp.o(.text) for __I$use$fp
    printfa.o(i.__0fprintf) refers to printfa.o(i._printf_core) for _printf_core
    printfa.o(i.__0fprintf) refers to fputc.o(i.fputc) for fputc
    printfa.o(i.__0printf) refers (Special) to iusefp.o(.text) for __I$use$fp
    printfa.o(i.__0printf) refers to printfa.o(i._printf_core) for _printf_core
    printfa.o(i.__0printf) refers to fputc.o(i.fputc) for fputc
    printfa.o(i.__0printf) refers to stdout.o(.data) for __stdout
    printfa.o(i.__0snprintf) refers (Special) to iusefp.o(.text) for __I$use$fp
    printfa.o(i.__0snprintf) refers to printfa.o(i._printf_core) for _printf_core
    printfa.o(i.__0snprintf) refers to printfa.o(i._snputc) for _snputc
    printfa.o(i.__0sprintf) refers (Special) to iusefp.o(.text) for __I$use$fp
    printfa.o(i.__0sprintf) refers to printfa.o(i._printf_core) for _printf_core
    printfa.o(i.__0sprintf) refers to printfa.o(i._sputc) for _sputc
    printfa.o(i.__0vfprintf) refers (Special) to iusefp.o(.text) for __I$use$fp
    printfa.o(i.__0vfprintf) refers to printfa.o(i._printf_core) for _printf_core
    printfa.o(i.__0vfprintf) refers to fputc.o(i.fputc) for fputc
    printfa.o(i.__0vprintf) refers (Special) to iusefp.o(.text) for __I$use$fp
    printfa.o(i.__0vprintf) refers to printfa.o(i._printf_core) for _printf_core
    printfa.o(i.__0vprintf) refers to fputc.o(i.fputc) for fputc
    printfa.o(i.__0vprintf) refers to stdout.o(.data) for __stdout
    printfa.o(i.__0vsnprintf) refers (Special) to iusefp.o(.text) for __I$use$fp
    printfa.o(i.__0vsnprintf) refers to printfa.o(i._printf_core) for _printf_core
    printfa.o(i.__0vsnprintf) refers to printfa.o(i._snputc) for _snputc
    printfa.o(i.__0vsprintf) refers (Special) to iusefp.o(.text) for __I$use$fp
    printfa.o(i.__0vsprintf) refers to printfa.o(i._printf_core) for _printf_core
    printfa.o(i.__0vsprintf) refers to printfa.o(i._sputc) for _sputc
    printfa.o(i._fp_digits) refers (Special) to iusefp.o(.text) for __I$use$fp
    printfa.o(i._fp_digits) refers to dmul.o(.text) for __aeabi_dmul
    printfa.o(i._fp_digits) refers to ddiv.o(.text) for __aeabi_ddiv
    printfa.o(i._fp_digits) refers to cdrcmple.o(.text) for __aeabi_cdrcmple
    printfa.o(i._fp_digits) refers to dadd.o(.text) for __aeabi_dadd
    printfa.o(i._fp_digits) refers to dfixul.o(.text) for __aeabi_d2ulz
    printfa.o(i._fp_digits) refers to uldiv.o(.text) for __aeabi_uldivmod
    printfa.o(i._printf_core) refers (Special) to iusefp.o(.text) for __I$use$fp
    printfa.o(i._printf_core) refers to printfa.o(i._printf_pre_padding) for _printf_pre_padding
    printfa.o(i._printf_core) refers to uldiv.o(.text) for __aeabi_uldivmod
    printfa.o(i._printf_core) refers to printfa.o(i._printf_post_padding) for _printf_post_padding
    printfa.o(i._printf_core) refers to printfa.o(i._fp_digits) for _fp_digits
    printfa.o(i._printf_core) refers to uidiv.o(.text) for __aeabi_uidivmod
    printfa.o(i._printf_post_padding) refers (Special) to iusefp.o(.text) for __I$use$fp
    printfa.o(i._printf_pre_padding) refers (Special) to iusefp.o(.text) for __I$use$fp
    printfa.o(i._snputc) refers (Special) to iusefp.o(.text) for __I$use$fp
    printfa.o(i._sputc) refers (Special) to iusefp.o(.text) for __I$use$fp
    fdiv.o(.text) refers (Special) to iusefp.o(.text) for __I$use$fp
    fdiv.o(.text) refers to fepilogue.o(.text) for _float_round
    ffltui.o(.text) refers (Special) to iusefp.o(.text) for __I$use$fp
    ffltui.o(.text) refers to fepilogue.o(.text) for _float_epilogue
    f2d.o(.text) refers (Special) to iusefp.o(.text) for __I$use$fp
    entry2.o(.ARM.Collect$$$$00000001) refers to entry2.o(.ARM.Collect$$$$00002712) for __lit__00000000
    entry2.o(.ARM.Collect$$$$00002712) refers to startup_mkl25z4.o(STACK) for __initial_sp
    entry2.o(__vectab_stack_and_reset_area) refers to startup_mkl25z4.o(STACK) for __initial_sp
    entry2.o(__vectab_stack_and_reset_area) refers to entry.o(.ARM.Collect$$$$00000000) for __main
    entry5.o(.ARM.Collect$$$$00000004) refers to init.o(.text) for __scatterload
    entry9a.o(.ARM.Collect$$$$0000000B) refers to main.o(.text) for main
    entry9b.o(.ARM.Collect$$$$0000000C) refers to main.o(.text) for main
    fputc.o(i.fputc) refers (Special) to iusesemip.o(.text) for __I$use$semihosting$fputc
    fputc.o(i.fputc) refers (Special) to semi.o(.text) for __semihosting_library_function
    fputc_h.o(i._fputc$hlt) refers (Special) to iusesemip.o(.text) for __I$use$semihosting$fputc
    fputc_h.o(i._fputc$hlt) refers (Special) to semi.o(.text) for __semihosting_library_function
    uldiv.o(.text) refers to llushr.o(.text) for __aeabi_llsr
    uldiv.o(.text) refers to llshl.o(.text) for __aeabi_llsl
    fepilogue.o(.text) refers (Special) to iusefp.o(.text) for __I$use$fp
    dadd.o(.text) refers (Special) to iusefp.o(.text) for __I$use$fp
    dadd.o(.text) refers to llshl.o(.text) for __aeabi_llsl
    dadd.o(.text) refers to llsshr.o(.text) for __aeabi_lasr
    dadd.o(.text) refers to depilogue.o(.text) for _double_epilogue
    dmul.o(.text) refers (Special) to iusefp.o(.text) for __I$use$fp
    dmul.o(.text) refers to depilogue.o(.text) for _double_epilogue
    ddiv.o(.text) refers (Special) to iusefp.o(.text) for __I$use$fp
    ddiv.o(.text) refers to depilogue.o(.text) for _double_round
    dfixul.o(.text) refers (Special) to iusefp.o(.text) for __I$use$fp
    dfixul.o(.text) refers to llushr.o(.text) for __aeabi_llsr
    dfixul.o(.text) refers to llshl.o(.text) for __aeabi_llsl
    cdrcmple.o(.text) refers (Special) to iusefp.o(.text) for __I$use$fp
    init.o(.text) refers to entry5.o(.ARM.Collect$$$$00000004) for __main_after_scatterload
    depilogue.o(.text) refers (Special) to iusefp.o(.text) for __I$use$fp
    depilogue.o(.text) refers to depilogue.o(i.__ARM_clz) for __ARM_clz
    depilogue.o(.text) refers to llshl.o(.text) for __aeabi_llsl
    depilogue.o(.text) refers to llushr.o(.text) for __aeabi_llsr
    depilogue.o(i.__ARM_clz) refers (Special) to iusefp.o(.text) for __I$use$fp


==============================================================================

Removing Unused input sections from the image.

    Removing startup_mkl25z4.o(HEAP), (0 bytes).
    Removing system_mkl25z4.o(.ARM.exidx), (16 bytes).
    Removing main.o(.ARM.exidx), (8 bytes).
    Removing main.o(.ARM.use_no_argv), (4 bytes).
    Removing switches.o(.text), (84 bytes).
    Removing switches.o(.ARM.exidx), (8 bytes).
    Removing switches.o(.bss.count), (4 bytes).
    Removing leds.o(.ARM.exidx), (24 bytes).
    Removing debug_signals.o(.text), (60 bytes).
    Removing debug_signals.o(.ARM.exidx), (8 bytes).
    Removing infared.o(.ARM.exidx), (8 bytes).
    Removing motor_control.o(.ARM.exidx), (16 bytes).
    Removing serial.o(.ARM.exidx), (24 bytes).
    Removing logger.o(.text), (316 bytes).
    Removing logger.o(.ARM.exidx), (16 bytes).
    Removing logger.o(.bss.user_input_key), (1 bytes).
    Removing logger.o(.rodata.str1.1), (10 bytes).
    Removing logger.o(.bss..L_MergedGlobals), (3 bytes).
    Removing ultrasonic.o(.ARM.exidx), (56 bytes).
    Removing ultrasonic.o(.bss.state), (4 bytes).
    Removing ultrasonic.o(.bss.triggerTimerActive), (4 bytes).
    Removing ultrasonic.o(.bss.cycleTimerActive), (4 bytes).
    Removing interrupts.o(.ARM.exidx), (32 bytes).

23 unused section(s) (total 710 bytes) removed from the image.

==============================================================================

Image Symbol Table

    Local Symbols

    Symbol Name                              Value     Ov Type        Size  Object(Section)

    RESET                                    0x00000000   Section      192  startup_mkl25z4.o(RESET)
    ../clib/microlib/division.c              0x00000000   Number         0  uldiv.o ABSOLUTE
    ../clib/microlib/division.c              0x00000000   Number         0  uidiv.o ABSOLUTE
    ../clib/microlib/init/entry.s            0x00000000   Number         0  entry7a.o ABSOLUTE
    ../clib/microlib/init/entry.s            0x00000000   Number         0  entry10a.o ABSOLUTE
    ../clib/microlib/init/entry.s            0x00000000   Number         0  entry9b.o ABSOLUTE
    ../clib/microlib/init/entry.s            0x00000000   Number         0  entry9a.o ABSOLUTE
    ../clib/microlib/init/entry.s            0x00000000   Number         0  entry8b.o ABSOLUTE
    ../clib/microlib/init/entry.s            0x00000000   Number         0  entry8a.o ABSOLUTE
    ../clib/microlib/init/entry.s            0x00000000   Number         0  entry10b.o ABSOLUTE
    ../clib/microlib/init/entry.s            0x00000000   Number         0  entry7b.o ABSOLUTE
    ../clib/microlib/init/entry.s            0x00000000   Number         0  entry11b.o ABSOLUTE
    ../clib/microlib/init/entry.s            0x00000000   Number         0  entry5.o ABSOLUTE
    ../clib/microlib/init/entry.s            0x00000000   Number         0  entry2.o ABSOLUTE
    ../clib/microlib/init/entry.s            0x00000000   Number         0  entry11a.o ABSOLUTE
    ../clib/microlib/init/entry.s            0x00000000   Number         0  entry.o ABSOLUTE
    ../clib/microlib/longlong.c              0x00000000   Number         0  llushr.o ABSOLUTE
    ../clib/microlib/longlong.c              0x00000000   Number         0  llsshr.o ABSOLUTE
    ../clib/microlib/longlong.c              0x00000000   Number         0  llshl.o ABSOLUTE
    ../clib/microlib/printf/printf.c         0x00000000   Number         0  printf4.o ABSOLUTE
    ../clib/microlib/printf/printf.c         0x00000000   Number         0  printf3.o ABSOLUTE
    ../clib/microlib/printf/printf.c         0x00000000   Number         0  printfb.o ABSOLUTE
    ../clib/microlib/printf/printf.c         0x00000000   Number         0  printfa.o ABSOLUTE
    ../clib/microlib/printf/printf.c         0x00000000   Number         0  printf8.o ABSOLUTE
    ../clib/microlib/printf/printf.c         0x00000000   Number         0  printf2.o ABSOLUTE
    ../clib/microlib/printf/printf.c         0x00000000   Number         0  printf7.o ABSOLUTE
    ../clib/microlib/printf/printf.c         0x00000000   Number         0  printf6.o ABSOLUTE
    ../clib/microlib/printf/printf.c         0x00000000   Number         0  printf0.o ABSOLUTE
    ../clib/microlib/printf/printf.c         0x00000000   Number         0  printf1.o ABSOLUTE
    ../clib/microlib/printf/printf.c         0x00000000   Number         0  printf5.o ABSOLUTE
    ../clib/microlib/printf/stubs.s          0x00000000   Number         0  stubs.o ABSOLUTE
    ../clib/microlib/stdio/fputc.c           0x00000000   Number         0  fputc_h.o ABSOLUTE
    ../clib/microlib/stdio/fputc.c           0x00000000   Number         0  fputc.o ABSOLUTE
    ../clib/microlib/stdio/semi.s            0x00000000   Number         0  semi.o ABSOLUTE
    ../clib/microlib/stdio/streams.c         0x00000000   Number         0  stdout.o ABSOLUTE
    ../clib/microlib/stubs.s                 0x00000000   Number         0  iusesemip.o ABSOLUTE
    ../clib/microlib/stubs.s                 0x00000000   Number         0  iusefp.o ABSOLUTE
    ../fplib/microlib/f2d.c                  0x00000000   Number         0  f2d.o ABSOLUTE
    ../fplib/microlib/fpadd.c                0x00000000   Number         0  dadd.o ABSOLUTE
    ../fplib/microlib/fpdiv.c                0x00000000   Number         0  fdiv.o ABSOLUTE
    ../fplib/microlib/fpdiv.c                0x00000000   Number         0  ddiv.o ABSOLUTE
    ../fplib/microlib/fpepilogue.c           0x00000000   Number         0  fepilogue.o ABSOLUTE
    ../fplib/microlib/fpepilogue.c           0x00000000   Number         0  depilogue.o ABSOLUTE
    ../fplib/microlib/fpfix.c                0x00000000   Number         0  dfixul.o ABSOLUTE
    ../fplib/microlib/fpflt.c                0x00000000   Number         0  ffltui.o ABSOLUTE
    ../fplib/microlib/fpmul.c                0x00000000   Number         0  dmul.o ABSOLUTE
    LEDs.c                                   0x00000000   Number         0  leds.o ABSOLUTE
    cdrcmple.s                               0x00000000   Number         0  cdrcmple.o ABSOLUTE
    dc.s                                     0x00000000   Number         0  dc.o ABSOLUTE
    debug_signals.c                          0x00000000   Number         0  debug_signals.o ABSOLUTE
    handlers.s                               0x00000000   Number         0  handlers.o ABSOLUTE
    infared.c                                0x00000000   Number         0  infared.o ABSOLUTE
    init.s                                   0x00000000   Number         0  init.o ABSOLUTE
    interrupts.c                             0x00000000   Number         0  interrupts.o ABSOLUTE
    logger.c                                 0x00000000   Number         0  logger.o ABSOLUTE
    main.c                                   0x00000000   Number         0  main.o ABSOLUTE
    motor_control.c                          0x00000000   Number         0  motor_control.o ABSOLUTE
    serial.c                                 0x00000000   Number         0  serial.o ABSOLUTE
    startup_MKL25Z4.s                        0x00000000   Number         0  startup_mkl25z4.o ABSOLUTE
    switches.c                               0x00000000   Number         0  switches.o ABSOLUTE
    system_MKL25Z4.c                         0x00000000   Number         0  system_mkl25z4.o ABSOLUTE
    ultrasonic.c                             0x00000000   Number         0  ultrasonic.o ABSOLUTE
    .ARM.Collect$$$$00000000                 0x000000c0   Section        0  entry.o(.ARM.Collect$$$$00000000)
    .ARM.Collect$$$$00000001                 0x000000c0   Section        4  entry2.o(.ARM.Collect$$$$00000001)
    .ARM.Collect$$$$00000004                 0x000000c4   Section        4  entry5.o(.ARM.Collect$$$$00000004)
    .ARM.Collect$$$$00000008                 0x000000c8   Section        0  entry7b.o(.ARM.Collect$$$$00000008)
    .ARM.Collect$$$$0000000A                 0x000000c8   Section        0  entry8b.o(.ARM.Collect$$$$0000000A)
    .ARM.Collect$$$$0000000B                 0x000000c8   Section        8  entry9a.o(.ARM.Collect$$$$0000000B)
    .ARM.Collect$$$$0000000D                 0x000000d0   Section        0  entry10a.o(.ARM.Collect$$$$0000000D)
    .ARM.Collect$$$$0000000F                 0x000000d0   Section        0  entry11a.o(.ARM.Collect$$$$0000000F)
    .ARM.Collect$$$$00002712                 0x000000d0   Section        4  entry2.o(.ARM.Collect$$$$00002712)
    __lit__00000000                          0x000000d0   Data           4  entry2.o(.ARM.Collect$$$$00002712)
    .text                                    0x000000d4   Section       28  startup_mkl25z4.o(.text)
    [Anonymous Symbol]                       0x000000f0   Section        0  system_mkl25z4.o(.text)
    __arm_cp.0_0                             0x000000f8   Number         4  system_mkl25z4.o(.text)
    __arm_cp.1_0                             0x000001fc   Number         4  system_mkl25z4.o(.text)
    __arm_cp.1_1                             0x00000200   Number         4  system_mkl25z4.o(.text)
    __arm_cp.1_2                             0x00000204   Number         4  system_mkl25z4.o(.text)
    __arm_cp.1_3                             0x00000208   Number         4  system_mkl25z4.o(.text)
    __arm_cp.1_4                             0x0000020c   Number         4  system_mkl25z4.o(.text)
    __arm_cp.1_5                             0x00000210   Number         4  system_mkl25z4.o(.text)
    __arm_cp.1_6                             0x00000214   Number         4  system_mkl25z4.o(.text)
    [Anonymous Symbol]                       0x00000218   Section        0  main.o(.text)
    [Anonymous Symbol]                       0x00000254   Section        0  leds.o(.text)
    __arm_cp.0_0                             0x000002bc   Number         4  leds.o(.text)
    __arm_cp.0_1                             0x000002c0   Number         4  leds.o(.text)
    __arm_cp.0_2                             0x000002c4   Number         4  leds.o(.text)
    __arm_cp.0_3                             0x000002c8   Number         4  leds.o(.text)
    __arm_cp.0_4                             0x000002cc   Number         4  leds.o(.text)
    __arm_cp.1_0                             0x00000300   Number         4  leds.o(.text)
    __arm_cp.2_0                             0x00000328   Number         4  leds.o(.text)
    [Anonymous Symbol]                       0x0000032c   Section        0  infared.o(.text)
    __arm_cp.0_1                             0x0000038c   Number         4  infared.o(.text)
    __arm_cp.0_2                             0x00000390   Number         4  infared.o(.text)
    __arm_cp.0_3                             0x00000394   Number         4  infared.o(.text)
    __arm_cp.0_4                             0x00000398   Number         4  infared.o(.text)
    .text                                    0x0000039c   Section        0  uidiv.o(.text)
    .text                                    0x000003c8   Section        0  ffltui.o(.text)
    .text                                    0x000003d6   Section        0  iusefp.o(.text)
    i.__scatterload_copy                     0x000003d6   Section       14  handlers.o(i.__scatterload_copy)
    i.__scatterload_null                     0x000003e4   Section        2  handlers.o(i.__scatterload_null)
    i.__scatterload_zeroinit                 0x000003e6   Section       14  handlers.o(i.__scatterload_zeroinit)
    i._sputc                                 0x000003f4   Section        0  printfa.o(i._sputc)
    _sputc                                   0x000003f5   Thumb Code    10  printfa.o(i._sputc)
    .ARM.__at_0x400                          0x00000400   Section       16  startup_mkl25z4.o(.ARM.__at_0x400)
    [Anonymous Symbol]                       0x00000410   Section        0  motor_control.o(.text)
    __arm_cp.0_0                             0x0000047c   Number         4  motor_control.o(.text)
    __arm_cp.0_1                             0x00000480   Number         4  motor_control.o(.text)
    __arm_cp.0_2                             0x00000484   Number         4  motor_control.o(.text)
    __arm_cp.0_3                             0x00000488   Number         4  motor_control.o(.text)
    __arm_cp.0_4                             0x0000048c   Number         4  motor_control.o(.text)
    __arm_cp.0_5                             0x00000490   Number         4  motor_control.o(.text)
    __arm_cp.0_6                             0x00000494   Number         4  motor_control.o(.text)
    __arm_cp.0_7                             0x00000498   Number         4  motor_control.o(.text)
    __arm_cp.0_8                             0x0000049c   Number         4  motor_control.o(.text)
    __arm_cp.0_9                             0x000004a0   Number         4  motor_control.o(.text)
    __arm_cp.1_0                             0x000004cc   Number         4  motor_control.o(.text)
    __arm_cp.1_1                             0x000004d0   Number         4  motor_control.o(.text)
    [Anonymous Symbol]                       0x000004d4   Section        0  serial.o(.text)
    __arm_cp.0_0                             0x000005b4   Number         4  serial.o(.text)
    __arm_cp.0_1                             0x000005b8   Number         4  serial.o(.text)
    __arm_cp.0_2                             0x000005bc   Number         4  serial.o(.text)
    __arm_cp.0_3                             0x000005c0   Number         4  serial.o(.text)
    __arm_cp.0_4                             0x000005c4   Number         4  serial.o(.text)
    __arm_cp.0_5                             0x000005c8   Number         4  serial.o(.text)
    __arm_cp.0_6                             0x000005cc   Number         4  serial.o(.text)
    __arm_cp.0_7                             0x000005d0   Number         4  serial.o(.text)
    __arm_cp.1_0                             0x000005fc   Number         4  serial.o(.text)
    __arm_cp.2_0                             0x00000608   Number         4  serial.o(.text)
    [Anonymous Symbol]                       0x0000060c   Section        0  ultrasonic.o(.text)
    __arm_cp.0_0                             0x0000066c   Number         4  ultrasonic.o(.text)
    __arm_cp.0_1                             0x00000670   Number         4  ultrasonic.o(.text)
    __arm_cp.0_2                             0x00000674   Number         4  ultrasonic.o(.text)
    __arm_cp.0_3                             0x00000678   Number         4  ultrasonic.o(.text)
    __arm_cp.0_4                             0x0000067c   Number         4  ultrasonic.o(.text)
    __arm_cp.0_5                             0x00000680   Number         4  ultrasonic.o(.text)
    __arm_cp.1_0                             0x00000694   Number         4  ultrasonic.o(.text)
    __arm_cp.2_0                             0x000006a8   Number         4  ultrasonic.o(.text)
    __arm_cp.3_0                             0x000006f4   Number         4  ultrasonic.o(.text)
    __arm_cp.3_1                             0x000006f8   Number         4  ultrasonic.o(.text)
    __arm_cp.3_2                             0x000006fc   Number         4  ultrasonic.o(.text)
    __arm_cp.4_0                             0x0000079c   Number         4  ultrasonic.o(.text)
    __arm_cp.4_1                             0x000007a0   Number         4  ultrasonic.o(.text)
    __arm_cp.4_2                             0x000007a4   Number         4  ultrasonic.o(.text)
    __arm_cp.4_3                             0x000007a8   Number         4  ultrasonic.o(.text)
    __arm_cp.4_4                             0x000007ac   Number         4  ultrasonic.o(.text)
    __arm_cp.4_5                             0x000007b0   Number         4  ultrasonic.o(.text)
    __arm_cp.4_6                             0x000007b4   Number         4  ultrasonic.o(.text)
    __arm_cp.4_7                             0x000007b8   Number         4  ultrasonic.o(.text)
    __arm_cp.4_8                             0x000007bc   Number         4  ultrasonic.o(.text)
    __arm_cp.4_9                             0x000007c0   Number         4  ultrasonic.o(.text)
    __arm_cp.4_10                            0x000007c4   Number         4  ultrasonic.o(.text)
    __arm_cp.4_11                            0x000007c8   Number         4  ultrasonic.o(.text)
    __arm_cp.5_0                             0x000007e8   Number         4  ultrasonic.o(.text)
    __arm_cp.6_0                             0x0000080c   Number         4  ultrasonic.o(.text)
    __arm_cp.6_1                             0x00000810   Number         4  ultrasonic.o(.text)
    [Anonymous Symbol]                       0x00000814   Section        0  interrupts.o(.text)
    __arm_cp.1_0                             0x00000870   Number         4  interrupts.o(.text)
    __arm_cp.1_2                             0x00000878   Number         4  interrupts.o(.text)
    __arm_cp.2_0                             0x00000918   Number         4  interrupts.o(.text)
    __arm_cp.2_1                             0x0000091c   Number         4  interrupts.o(.text)
    __arm_cp.2_2                             0x00000920   Number         4  interrupts.o(.text)
    __arm_cp.2_3                             0x00000924   Number         4  interrupts.o(.text)
    __arm_cp.2_4                             0x00000928   Number         4  interrupts.o(.text)
    __arm_cp.2_5                             0x0000092c   Number         4  interrupts.o(.text)
    __arm_cp.3_0                             0x00000980   Number         4  interrupts.o(.text)
    __arm_cp.3_1                             0x00000984   Number         4  interrupts.o(.text)
    __arm_cp.3_2                             0x00000988   Number         4  interrupts.o(.text)
    __arm_cp.3_3                             0x0000098c   Number         4  interrupts.o(.text)
    .text                                    0x00000990   Section        0  fdiv.o(.text)
    .text                                    0x00000a0c   Section        0  f2d.o(.text)
    .text                                    0x00000a34   Section        0  uldiv.o(.text)
    .text                                    0x00000a94   Section        0  fepilogue.o(.text)
    .text                                    0x00000b18   Section        0  dadd.o(.text)
    .text                                    0x00000c7c   Section        0  dmul.o(.text)
    .text                                    0x00000d4c   Section        0  ddiv.o(.text)
    .text                                    0x00000e3c   Section        0  dfixul.o(.text)
    .text                                    0x00000e7c   Section       40  cdrcmple.o(.text)
    .text                                    0x00000ea4   Section       36  init.o(.text)
    .text                                    0x00000ec8   Section        0  llshl.o(.text)
    .text                                    0x00000ee8   Section        0  llushr.o(.text)
    .text                                    0x00000f0a   Section        0  llsshr.o(.text)
    .text                                    0x00000f30   Section        0  depilogue.o(.text)
    i.__0sprintf                             0x00000ff0   Section        0  printfa.o(i.__0sprintf)
    i.__ARM_clz                              0x00001018   Section        0  depilogue.o(i.__ARM_clz)
    i._fp_digits                             0x00001048   Section        0  printfa.o(i._fp_digits)
    _fp_digits                               0x00001049   Thumb Code   344  printfa.o(i._fp_digits)
    i._printf_core                           0x000011bc   Section        0  printfa.o(i._printf_core)
    _printf_core                             0x000011bd   Thumb Code  1754  printfa.o(i._printf_core)
    i._printf_post_padding                   0x000018a8   Section        0  printfa.o(i._printf_post_padding)
    _printf_post_padding                     0x000018a9   Thumb Code    32  printfa.o(i._printf_post_padding)
    i._printf_pre_padding                    0x000018c8   Section        0  printfa.o(i._printf_pre_padding)
    _printf_pre_padding                      0x000018c9   Thumb Code    44  printfa.o(i._printf_pre_padding)
    [Anonymous Symbol]                       0x1ffff008   Section        0  interrupts.o(.bss..L_MergedGlobals)
    STACK                                    0x1ffff028   Section     1024  startup_mkl25z4.o(STACK)

    Global Symbols

    Symbol Name                              Value     Ov Type        Size  Object(Section)

    BuildAttributes$$THM_ISAv3M$S$PE$A:L22$X:L11$S22$IEEE1$IW$~IW$USESV6$~STKCKD$USESV7$~SHL$OTIME$ROPI$EBA8$MICROLIB$REQ8$PRES8$EABIv2 0x00000000   Number         0  anon$$obj.o ABSOLUTE
    __Vectors                                0x00000000   Data           4  startup_mkl25z4.o(RESET)
    _printf_a                                0x00000000   Number         0  stubs.o ABSOLUTE
    _printf_c                                0x00000000   Number         0  stubs.o ABSOLUTE
    _printf_charcount                        0x00000000   Number         0  stubs.o ABSOLUTE
    _printf_d                                0x00000000   Number         0  stubs.o ABSOLUTE
    _printf_e                                0x00000000   Number         0  stubs.o ABSOLUTE
    _printf_f                                0x00000000   Number         0  stubs.o ABSOLUTE
    _printf_flags                            0x00000000   Number         0  stubs.o ABSOLUTE
    _printf_fp_dec                           0x00000000   Number         0  stubs.o ABSOLUTE
    _printf_fp_hex                           0x00000000   Number         0  stubs.o ABSOLUTE
    _printf_g                                0x00000000   Number         0  stubs.o ABSOLUTE
    _printf_i                                0x00000000   Number         0  stubs.o ABSOLUTE
    _printf_int_dec                          0x00000000   Number         0  stubs.o ABSOLUTE
    _printf_l                                0x00000000   Number         0  stubs.o ABSOLUTE
    _printf_lc                               0x00000000   Number         0  stubs.o ABSOLUTE
    _printf_ll                               0x00000000   Number         0  stubs.o ABSOLUTE
    _printf_lld                              0x00000000   Number         0  stubs.o ABSOLUTE
    _printf_lli                              0x00000000   Number         0  stubs.o ABSOLUTE
    _printf_llo                              0x00000000   Number         0  stubs.o ABSOLUTE
    _printf_llu                              0x00000000   Number         0  stubs.o ABSOLUTE
    _printf_llx                              0x00000000   Number         0  stubs.o ABSOLUTE
    _printf_longlong_dec                     0x00000000   Number         0  stubs.o ABSOLUTE
    _printf_longlong_hex                     0x00000000   Number         0  stubs.o ABSOLUTE
    _printf_longlong_oct                     0x00000000   Number         0  stubs.o ABSOLUTE
    _printf_ls                               0x00000000   Number         0  stubs.o ABSOLUTE
    _printf_mbtowc                           0x00000000   Number         0  stubs.o ABSOLUTE
    _printf_n                                0x00000000   Number         0  stubs.o ABSOLUTE
    _printf_o                                0x00000000   Number         0  stubs.o ABSOLUTE
    _printf_p                                0x00000000   Number         0  stubs.o ABSOLUTE
    _printf_percent                          0x00000000   Number         0  stubs.o ABSOLUTE
    _printf_pre_padding                      0x00000000   Number         0  stubs.o ABSOLUTE
    _printf_return_value                     0x00000000   Number         0  stubs.o ABSOLUTE
    _printf_s                                0x00000000   Number         0  stubs.o ABSOLUTE
    _printf_sizespec                         0x00000000   Number         0  stubs.o ABSOLUTE
    _printf_str                              0x00000000   Number         0  stubs.o ABSOLUTE
    _printf_truncate_signed                  0x00000000   Number         0  stubs.o ABSOLUTE
    _printf_truncate_unsigned                0x00000000   Number         0  stubs.o ABSOLUTE
    _printf_u                                0x00000000   Number         0  stubs.o ABSOLUTE
    _printf_wc                               0x00000000   Number         0  stubs.o ABSOLUTE
    _printf_wctomb                           0x00000000   Number         0  stubs.o ABSOLUTE
    _printf_widthprec                        0x00000000   Number         0  stubs.o ABSOLUTE
    _printf_x                                0x00000000   Number         0  stubs.o ABSOLUTE
    __cpp_initialize__aeabi_                  - Undefined Weak Reference
    __cxa_finalize                            - Undefined Weak Reference
    __decompress                              - Undefined Weak Reference
    _clock_init                               - Undefined Weak Reference
    _microlib_exit                            - Undefined Weak Reference
    __Vectors_End                            0x000000c0   Data           0  startup_mkl25z4.o(RESET)
    __Vectors_Size                           0x000000c0   Number         0  startup_mkl25z4.o ABSOLUTE
    __main                                   0x000000c1   Thumb Code     0  entry.o(.ARM.Collect$$$$00000000)
    _main_stk                                0x000000c1   Thumb Code     0  entry2.o(.ARM.Collect$$$$00000001)
    _main_scatterload                        0x000000c5   Thumb Code     0  entry5.o(.ARM.Collect$$$$00000004)
    __main_after_scatterload                 0x000000c9   Thumb Code     0  entry5.o(.ARM.Collect$$$$00000004)
    _main_clock                              0x000000c9   Thumb Code     0  entry7b.o(.ARM.Collect$$$$00000008)
    _main_cpp_init                           0x000000c9   Thumb Code     0  entry8b.o(.ARM.Collect$$$$0000000A)
    _main_init                               0x000000c9   Thumb Code     0  entry9a.o(.ARM.Collect$$$$0000000B)
    __rt_final_cpp                           0x000000d1   Thumb Code     0  entry10a.o(.ARM.Collect$$$$0000000D)
    __rt_final_exit                          0x000000d1   Thumb Code     0  entry11a.o(.ARM.Collect$$$$0000000F)
    Reset_Handler                            0x000000d5   Thumb Code     8  startup_mkl25z4.o(.text)
    NMI_Handler                              0x000000dd   Thumb Code     2  startup_mkl25z4.o(.text)
    HardFault_Handler                        0x000000df   Thumb Code     2  startup_mkl25z4.o(.text)
    SVC_Handler                              0x000000e1   Thumb Code     2  startup_mkl25z4.o(.text)
    PendSV_Handler                           0x000000e3   Thumb Code     2  startup_mkl25z4.o(.text)
    SysTick_Handler                          0x000000e5   Thumb Code     2  startup_mkl25z4.o(.text)
    ADC0_IRQHandler                          0x000000e7   Thumb Code     0  startup_mkl25z4.o(.text)
    CMP0_IRQHandler                          0x000000e7   Thumb Code     0  startup_mkl25z4.o(.text)
    DAC0_IRQHandler                          0x000000e7   Thumb Code     0  startup_mkl25z4.o(.text)
    DMA0_IRQHandler                          0x000000e7   Thumb Code     0  startup_mkl25z4.o(.text)
    DMA1_IRQHandler                          0x000000e7   Thumb Code     0  startup_mkl25z4.o(.text)
    DMA2_IRQHandler                          0x000000e7   Thumb Code     0  startup_mkl25z4.o(.text)
    DMA3_IRQHandler                          0x000000e7   Thumb Code     0  startup_mkl25z4.o(.text)
    DefaultISR                               0x000000e7   Thumb Code     0  startup_mkl25z4.o(.text)
    FTFA_IRQHandler                          0x000000e7   Thumb Code     0  startup_mkl25z4.o(.text)
    I2C0_IRQHandler                          0x000000e7   Thumb Code     0  startup_mkl25z4.o(.text)
    I2C1_IRQHandler                          0x000000e7   Thumb Code     0  startup_mkl25z4.o(.text)
    LLW_IRQHandler                           0x000000e7   Thumb Code     0  startup_mkl25z4.o(.text)
    LPTimer_IRQHandler                       0x000000e7   Thumb Code     0  startup_mkl25z4.o(.text)
    LVD_LVW_IRQHandler                       0x000000e7   Thumb Code     0  startup_mkl25z4.o(.text)
    MCG_IRQHandler                           0x000000e7   Thumb Code     0  startup_mkl25z4.o(.text)
    RTC_IRQHandler                           0x000000e7   Thumb Code     0  startup_mkl25z4.o(.text)
    RTC_Seconds_IRQHandler                   0x000000e7   Thumb Code     0  startup_mkl25z4.o(.text)
    Reserved20_IRQHandler                    0x000000e7   Thumb Code     0  startup_mkl25z4.o(.text)
    Reserved39_IRQHandler                    0x000000e7   Thumb Code     0  startup_mkl25z4.o(.text)
    Reserved45_IRQHandler                    0x000000e7   Thumb Code     0  startup_mkl25z4.o(.text)
    SPI0_IRQHandler                          0x000000e7   Thumb Code     0  startup_mkl25z4.o(.text)
    SPI1_IRQHandler                          0x000000e7   Thumb Code     0  startup_mkl25z4.o(.text)
    TPM0_IRQHandler                          0x000000e7   Thumb Code     0  startup_mkl25z4.o(.text)
    TPM1_IRQHandler                          0x000000e7   Thumb Code     0  startup_mkl25z4.o(.text)
    TPM2_IRQHandler                          0x000000e7   Thumb Code     0  startup_mkl25z4.o(.text)
    TSI0_IRQHandler                          0x000000e7   Thumb Code     0  startup_mkl25z4.o(.text)
    UART1_IRQHandler                         0x000000e7   Thumb Code     0  startup_mkl25z4.o(.text)
    UART2_IRQHandler                         0x000000e7   Thumb Code     0  startup_mkl25z4.o(.text)
    USB0_IRQHandler                          0x000000e7   Thumb Code     0  startup_mkl25z4.o(.text)
    SystemInit                               0x000000f1   Thumb Code    12  system_mkl25z4.o(.text)
    SystemCoreClockUpdate                    0x000000fd   Thumb Code   284  system_mkl25z4.o(.text)
    main                                     0x00000219   Thumb Code    64  main.o(.text)
    init_RGB_LEDs                            0x00000255   Thumb Code   124  leds.o(.text)
    control_RGB_LEDs                         0x000002d1   Thumb Code    52  leds.o(.text)
    toggle_RGB_LEDs                          0x00000305   Thumb Code    40  leds.o(.text)
    init_infared_sensors                     0x0000032d   Thumb Code   128  infared.o(.text)
    __aeabi_uidiv                            0x0000039d   Thumb Code     0  uidiv.o(.text)
    __aeabi_uidivmod                         0x0000039d   Thumb Code    44  uidiv.o(.text)
    __aeabi_ui2f                             0x000003c9   Thumb Code    14  ffltui.o(.text)
    __I$use$fp                               0x000003d7   Thumb Code     0  iusefp.o(.text)
    __scatterload_copy                       0x000003d7   Thumb Code    14  handlers.o(i.__scatterload_copy)
    __scatterload_null                       0x000003e5   Thumb Code     2  handlers.o(i.__scatterload_null)
    __scatterload_zeroinit                   0x000003e7   Thumb Code    14  handlers.o(i.__scatterload_zeroinit)
    init_motor_control                       0x00000411   Thumb Code   148  motor_control.o(.text)
    control_motor                            0x000004a5   Thumb Code    48  motor_control.o(.text)
    init_serial                              0x000004d5   Thumb Code   256  serial.o(.text)
    transmit_data                            0x000005d5   Thumb Code    44  serial.o(.text)
    UART0_IRQHandler                         0x00000601   Thumb Code    12  serial.o(.text)
    Init_PIT                                 0x0000060d   Thumb Code   120  ultrasonic.o(.text)
    Start_PIT                                0x00000685   Thumb Code    20  ultrasonic.o(.text)
    Stop_PIT                                 0x00000699   Thumb Code    20  ultrasonic.o(.text)
    PIT_IRQHandler                           0x000006ad   Thumb Code    84  ultrasonic.o(.text)
    init_ultrasonic_sensors                  0x00000701   Thumb Code   204  ultrasonic.o(.text)
    Delay                                    0x000007cd   Thumb Code    32  ultrasonic.o(.text)
    get_distance                             0x000007ed   Thumb Code    40  ultrasonic.o(.text)
    emergency_maneuver                       0x00000815   Thumb Code    18  interrupts.o(.text)
    send_updated_data                        0x00000829   Thumb Code    92  interrupts.o(.text)
    PORTA_IRQHandler                         0x00000885   Thumb Code   172  interrupts.o(.text)
    PORTD_IRQHandler                         0x00000931   Thumb Code    96  interrupts.o(.text)
    __aeabi_fdiv                             0x00000991   Thumb Code   124  fdiv.o(.text)
    __aeabi_f2d                              0x00000a0d   Thumb Code    40  f2d.o(.text)
    __aeabi_uldivmod                         0x00000a35   Thumb Code    96  uldiv.o(.text)
    _float_round                             0x00000a95   Thumb Code    16  fepilogue.o(.text)
    _float_epilogue                          0x00000aa5   Thumb Code   114  fepilogue.o(.text)
    __aeabi_dadd                             0x00000b19   Thumb Code   328  dadd.o(.text)
    __aeabi_dsub                             0x00000c61   Thumb Code    12  dadd.o(.text)
    __aeabi_drsub                            0x00000c6d   Thumb Code    12  dadd.o(.text)
    __aeabi_dmul                             0x00000c7d   Thumb Code   202  dmul.o(.text)
    __aeabi_ddiv                             0x00000d4d   Thumb Code   234  ddiv.o(.text)
    __aeabi_d2ulz                            0x00000e3d   Thumb Code    54  dfixul.o(.text)
    __aeabi_cdrcmple                         0x00000e7d   Thumb Code    38  cdrcmple.o(.text)
    __scatterload                            0x00000ea5   Thumb Code    28  init.o(.text)
    __scatterload_rt2                        0x00000ea5   Thumb Code     0  init.o(.text)
    __aeabi_llsl                             0x00000ec9   Thumb Code    32  llshl.o(.text)
    _ll_shift_l                              0x00000ec9   Thumb Code     0  llshl.o(.text)
    __aeabi_llsr                             0x00000ee9   Thumb Code    34  llushr.o(.text)
    _ll_ushift_r                             0x00000ee9   Thumb Code     0  llushr.o(.text)
    __aeabi_lasr                             0x00000f0b   Thumb Code    38  llsshr.o(.text)
    _ll_sshift_r                             0x00000f0b   Thumb Code     0  llsshr.o(.text)
    _double_round                            0x00000f31   Thumb Code    26  depilogue.o(.text)
    _double_epilogue                         0x00000f4b   Thumb Code   164  depilogue.o(.text)
    __0sprintf                               0x00000ff1   Thumb Code    36  printfa.o(i.__0sprintf)
    __1sprintf                               0x00000ff1   Thumb Code     0  printfa.o(i.__0sprintf)
    __2sprintf                               0x00000ff1   Thumb Code     0  printfa.o(i.__0sprintf)
    __c89sprintf                             0x00000ff1   Thumb Code     0  printfa.o(i.__0sprintf)
    sprintf                                  0x00000ff1   Thumb Code     0  printfa.o(i.__0sprintf)
    __ARM_clz                                0x00001019   Thumb Code    46  depilogue.o(i.__ARM_clz)
    Region$$Table$$Base                      0x000018f4   Number         0  anon$$obj.o(Region$$Table)
    Region$$Table$$Limit                     0x00001914   Number         0  anon$$obj.o(Region$$Table)
    SystemCoreClock                          0x1ffff000   Data           4  system_mkl25z4.o(.data.SystemCoreClock)
    us_active                                0x1ffff008   Data           4  interrupts.o(.bss..L_MergedGlobals)
    us_detected_count                        0x1ffff00c   Data           4  interrupts.o(.bss..L_MergedGlobals)
    ir_detected_flag                         0x1ffff010   Data           4  infared.o(.bss.ir_detected_flag)
    ir_detections                            0x1ffff014   Data           8  infared.o(.bss.ir_detections)
    motor_state                              0x1ffff01c   Data           4  motor_control.o(.bss.motor_state)
    us_detections                            0x1ffff020   Data           4  ultrasonic.o(.bss.us_detections)
    __initial_sp                             0x1ffff428   Data           0  startup_mkl25z4.o(STACK)



==============================================================================

Memory Map of the image

  Image Entry point : 0x000000c1

  Load Region LR_IROM1 (Base: 0x00000000, Size: 0x00001920, Max: 0x00020000, ABSOLUTE)

    Execution Region ER_IROM1 (Exec base: 0x00000000, Load base: 0x00000000, Size: 0x00001914, Max: 0x00020000, ABSOLUTE)

    Exec Addr    Load Addr    Size         Type   Attr      Idx    E Section Name        Object

    0x00000000   0x00000000   0x000000c0   Data   RO            3    RESET               startup_mkl25z4.o
    0x000000c0   0x000000c0   0x00000000   Code   RO          157  * .ARM.Collect$$$$00000000  mc_p.l(entry.o)
    0x000000c0   0x000000c0   0x00000004   Code   RO          429    .ARM.Collect$$$$00000001  mc_p.l(entry2.o)
    0x000000c4   0x000000c4   0x00000004   Code   RO          432    .ARM.Collect$$$$00000004  mc_p.l(entry5.o)
    0x000000c8   0x000000c8   0x00000000   Code   RO          434    .ARM.Collect$$$$00000008  mc_p.l(entry7b.o)
    0x000000c8   0x000000c8   0x00000000   Code   RO          436    .ARM.Collect$$$$0000000A  mc_p.l(entry8b.o)
    0x000000c8   0x000000c8   0x00000008   Code   RO          437    .ARM.Collect$$$$0000000B  mc_p.l(entry9a.o)
    0x000000d0   0x000000d0   0x00000000   Code   RO          439    .ARM.Collect$$$$0000000D  mc_p.l(entry10a.o)
    0x000000d0   0x000000d0   0x00000000   Code   RO          441    .ARM.Collect$$$$0000000F  mc_p.l(entry11a.o)
    0x000000d0   0x000000d0   0x00000004   Code   RO          430    .ARM.Collect$$$$00002712  mc_p.l(entry2.o)
    0x000000d4   0x000000d4   0x0000001c   Code   RO            5    .text               startup_mkl25z4.o
    0x000000f0   0x000000f0   0x00000128   Code   RO           13    .text               system_mkl25z4.o
    0x00000218   0x00000218   0x0000003c   Code   RO           26    .text               main.o
    0x00000254   0x00000254   0x000000d8   Code   RO           51    .text               leds.o
    0x0000032c   0x0000032c   0x00000070   Code   RO           74    .text               infared.o
    0x0000039c   0x0000039c   0x0000002c   Code   RO          160    .text               mc_p.l(uidiv.o)
    0x000003c8   0x000003c8   0x0000000e   Code   RO          425    .text               mf_p.l(ffltui.o)
    0x000003d6   0x000003d6   0x00000000   Code   RO          450    .text               mc_p.l(iusefp.o)
    0x000003d6   0x000003d6   0x0000000e   Code   RO          479    i.__scatterload_copy  mc_p.l(handlers.o)
    0x000003e4   0x000003e4   0x00000002   Code   RO          480    i.__scatterload_null  mc_p.l(handlers.o)
    0x000003e6   0x000003e6   0x0000000e   Code   RO          481    i.__scatterload_zeroinit  mc_p.l(handlers.o)
    0x000003f4   0x000003f4   0x0000000a   Code   RO          407    i._sputc            mc_p.l(printfa.o)
    0x000003fe   0x000003fe   0x00000002   PAD
    0x00000400   0x00000400   0x00000010   Code   RO            4    .ARM.__at_0x400     startup_mkl25z4.o
    0x00000410   0x00000410   0x000000c4   Code   RO           88    .text               motor_control.o
    0x000004d4   0x000004d4   0x00000138   Code   RO          101    .text               serial.o
    0x0000060c   0x0000060c   0x00000208   Code   RO          128    .text               ultrasonic.o
    0x00000814   0x00000814   0x0000017c   Code   RO          144    .text               interrupts.o
    0x00000990   0x00000990   0x0000007c   Code   RO          423    .text               mf_p.l(fdiv.o)
    0x00000a0c   0x00000a0c   0x00000028   Code   RO          427    .text               mf_p.l(f2d.o)
    0x00000a34   0x00000a34   0x00000060   Code   RO          448    .text               mc_p.l(uldiv.o)
    0x00000a94   0x00000a94   0x00000082   Code   RO          451    .text               mf_p.l(fepilogue.o)
    0x00000b16   0x00000b16   0x00000002   PAD
    0x00000b18   0x00000b18   0x00000164   Code   RO          453    .text               mf_p.l(dadd.o)
    0x00000c7c   0x00000c7c   0x000000d0   Code   RO          455    .text               mf_p.l(dmul.o)
    0x00000d4c   0x00000d4c   0x000000f0   Code   RO          457    .text               mf_p.l(ddiv.o)
    0x00000e3c   0x00000e3c   0x00000040   Code   RO          459    .text               mf_p.l(dfixul.o)
    0x00000e7c   0x00000e7c   0x00000028   Code   RO          461    .text               mf_p.l(cdrcmple.o)
    0x00000ea4   0x00000ea4   0x00000024   Code   RO          463    .text               mc_p.l(init.o)
    0x00000ec8   0x00000ec8   0x00000020   Code   RO          466    .text               mc_p.l(llshl.o)
    0x00000ee8   0x00000ee8   0x00000022   Code   RO          468    .text               mc_p.l(llushr.o)
    0x00000f0a   0x00000f0a   0x00000026   Code   RO          470    .text               mc_p.l(llsshr.o)
    0x00000f30   0x00000f30   0x000000be   Code   RO          473    .text               mf_p.l(depilogue.o)
    0x00000fee   0x00000fee   0x00000002   PAD
    0x00000ff0   0x00000ff0   0x00000028   Code   RO          397    i.__0sprintf        mc_p.l(printfa.o)
    0x00001018   0x00001018   0x0000002e   Code   RO          475    i.__ARM_clz         mf_p.l(depilogue.o)
    0x00001046   0x00001046   0x00000002   PAD
    0x00001048   0x00001048   0x00000174   Code   RO          402    i._fp_digits        mc_p.l(printfa.o)
    0x000011bc   0x000011bc   0x000006ec   Code   RO          403    i._printf_core      mc_p.l(printfa.o)
    0x000018a8   0x000018a8   0x00000020   Code   RO          404    i._printf_post_padding  mc_p.l(printfa.o)
    0x000018c8   0x000018c8   0x0000002c   Code   RO          405    i._printf_pre_padding  mc_p.l(printfa.o)
    0x000018f4   0x000018f4   0x00000020   Data   RO          477    Region$$Table       anon$$obj.o


    Execution Region RW_IRAM1 (Exec base: 0x1ffff000, Load base: 0x00001918, Size: 0x00000428, Max: 0x00004000, ABSOLUTE)

    Exec Addr    Load Addr    Size         Type   Attr      Idx    E Section Name        Object

    0x1ffff000   0x00001918   0x00000004   Data   RW           15    .data.SystemCoreClock  system_mkl25z4.o
    0x1ffff004   0x0000191c   0x00000004   PAD
    0x1ffff008        -       0x00000008   Zero   RW          146    .bss..L_MergedGlobals  interrupts.o
    0x1ffff010        -       0x00000004   Zero   RW           76    .bss.ir_detected_flag  infared.o
    0x1ffff014        -       0x00000008   Zero   RW           77    .bss.ir_detections  infared.o
    0x1ffff01c        -       0x00000004   Zero   RW           90    .bss.motor_state    motor_control.o
    0x1ffff020        -       0x00000004   Zero   RW          133    .bss.us_detections  ultrasonic.o
    0x1ffff024   0x0000191c   0x00000004   PAD
    0x1ffff028        -       0x00000400   Zero   RW            1    STACK               startup_mkl25z4.o


==============================================================================

Image component sizes


      Code (inc. data)   RO Data    RW Data    ZI Data      Debug   Object Name

       112         16          0          0         12       4092   infared.o
       380         60          0          0          8       3955   interrupts.o
       216         28          0          0          0       2598   leds.o
        60         16          0          0          0        507   main.o
       196         48          0          0          4       4161   motor_control.o
       312         40          0          0          0       4427   serial.o
        44         24        192          0       1024        924   startup_mkl25z4.o
       296         40          0          4          0       2673   system_mkl25z4.o
       520        104          0          0          4       6469   ultrasonic.o

    ----------------------------------------------------------------------
      2136        376        224          4       1060      29806   Object Totals
         0          0         32          0          0          0   (incl. Generated)
         0          0          0          0          8          0   (incl. Padding)

    ----------------------------------------------------------------------

      Code (inc. data)   RO Data    RW Data    ZI Data      Debug   Library Member Name

         0          0          0          0          0          0   entry.o
         0          0          0          0          0          0   entry10a.o
         0          0          0          0          0          0   entry11a.o
         8          4          0          0          0          0   entry2.o
         4          0          0          0          0          0   entry5.o
         0          0          0          0          0          0   entry7b.o
         0          0          0          0          0          0   entry8b.o
         8          4          0          0          0          0   entry9a.o
        30          0          0          0          0          0   handlers.o
        36          8          0          0          0         68   init.o
         0          0          0          0          0          0   iusefp.o
        32          0          0          0          0         68   llshl.o
        38          0          0          0          0         68   llsshr.o
        34          0          0          0          0         68   llushr.o
      2270         94          0          0          0        472   printfa.o
        44          0          0          0          0         72   uidiv.o
        96          0          0          0          0         84   uldiv.o
        40          2          0          0          0         68   cdrcmple.o
       356          4          0          0          0        140   dadd.o
       240          6          0          0          0         84   ddiv.o
       236          0          0          0          0        216   depilogue.o
        64         10          0          0          0         68   dfixul.o
       208          6          0          0          0         88   dmul.o
        40          0          0          0          0         60   f2d.o
       124          0          0          0          0         72   fdiv.o
       130          0          0          0          0        144   fepilogue.o
        14          0          0          0          0         68   ffltui.o

    ----------------------------------------------------------------------
      4060        138          0          0          0       1908   Library Totals
         8          0          0          0          0          0   (incl. Padding)

    ----------------------------------------------------------------------

      Code (inc. data)   RO Data    RW Data    ZI Data      Debug   Library Name

      2600        110          0          0          0        900   mc_p.l
      1452         28          0          0          0       1008   mf_p.l

    ----------------------------------------------------------------------
      4060        138          0          0          0       1908   Library Totals

    ----------------------------------------------------------------------

==============================================================================


      Code (inc. data)   RO Data    RW Data    ZI Data      Debug   

      6196        514        224          4       1060      30822   Grand Totals
      6196        514        224          4       1060      30822   ELF Image Totals
      6196        514        224          4          0          0   ROM Totals

==============================================================================

    Total RO  Size (Code + RO Data)                 6420 (   6.27kB)
    Total RW  Size (RW Data + ZI Data)              1064 (   1.04kB)
    Total ROM Size (Code + RO Data + RW Data)       6424 (   6.27kB)

==============================================================================

